---
source: parser-wasm/src/lib.rs
expression: res
---
[
  {
    "author": "Mihaly Csikszentmihalyi",
    "content": {
      "kind": "Highlight",
      "location": {
        "from": 1213,
        "kind": "Location",
        "to": 1214
      },
      "text": "The reason it is possible to achieve such complete involvement in a flow experience is that goals are usually clear, and feedback immediate."
    },
    "title": "Flow"
  }
]
