---
source: parser/src/lib.rs
expression: res
---
Ok(
    (
        "",
        Clipping {
            book: Book {
                title: "Flow",
                author: Some(
                    "Mihaly Csikszentmihalyi",
                ),
            },
            content: Note(
                ClippingNote {
                    location: Location {
                        from: 1213,
                        to: None,
                        kind: Location,
                    },
                    text: "Yada yada ya.",
                },
            ),
        },
    ),
)
