---
source: src/main.rs
expression: res
---
Ok(
    (
        "",
        Clipping {
            title: "Flow",
            author: Some(
                "Mihaly Csikszentmihalyi",
            ),
            content: Note(
                ClippingNote {
                    location: Location {
                        from: 1213,
                        to: None,
                        kind: Location,
                    },
                    text: "Yada yada ya.",
                },
            ),
        },
    ),
)
